[exchange-q] START run=btcusdt-primary-20260731-061322-53a51cc2 database=runs/btcusdt-primary-20260731-061322-53a51cc2.sqlite3 artifact=artifacts/v8/btcusdt-born.json
[exchange-q] EVIDENCE primary provider=kucoin-sequenced; labels scoreable only with proven capture continuity
[exchange-q] STREAM state=no_data trades=0 books=0
[exchange-q] PROVIDER connected=False reconnects=0 gaps=0 detail=-
[exchange-q] EVENT type=run_status slot=- detail=running
[exchange-q] STREAM state=active trades=29 books=17594
[exchange-q] PROVIDER connected=True reconnects=0 gaps=0 detail=-
[exchange-q] EVENT type=slot_scheduled slot=1785465840000 detail={"end_ms": 1785465900000}
[exchange-q] EVENT type=forecast_transition slot=1785465840000 detail=scheduled -> forecasted
[exchange-q] EVENT type=forecast_transition slot=1785465840000 detail=forecasted -> awaiting_label
[exchange-q] EVENT type=forecast_transition slot=1785465840000 detail=awaiting_label -> resolved_scoreable
[exchange-q] EVENT type=slot_scheduled slot=1785465900000 detail={"end_ms": 1785465960000}
[exchange-q] EVENT type=forecast_transition slot=1785465900000 detail=scheduled -> forecasted
[exchange-q] EVENT type=forecast_transition slot=1785465900000 detail=forecasted -> awaiting_label
[exchange-q] EVENT type=forecast_transition slot=1785465900000 detail=awaiting_label -> resolved_scoreable
[exchange-q] EVENT type=slot_scheduled slot=1785465960000 detail={"end_ms": 1785466020000}
[exchange-q] EVENT type=forecast_transition slot=1785465960000 detail=scheduled -> forecasted
[exchange-q] EVENT type=forecast_transition slot=1785465960000 detail=forecasted -> awaiting_label
[exchange-q] EVENT type=forecast_transition slot=1785465960000 detail=awaiting_label -> resolved_scoreable
[exchange-q] EVENT type=slot_scheduled slot=1785466020000 detail={"end_ms": 1785466080000}
[exchange-q] EVENT type=forecast_transition slot=1785466020000 detail=scheduled -> forecasted
[exchange-q] EVENT type=forecast_transition slot=1785466020000 detail=forecasted -> awaiting_label
[exchange-q] PROVIDER connected=False reconnects=0 gaps=0 detail=-
[exchange-q] EVENT type=forecast_transition slot=1785466020000 detail=awaiting_label -> cancelled
[exchange-q] EVENT type=run_status slot=- detail=stopped
[exchange-q] FINAL status=stopped terminal=4 database=runs/btcusdt-primary-20260731-061322-53a51cc2.sqlite3
Exchange-Q primary run finished
status:      stopped
duration:    4m 03s
progress:    4
scoreable:   3/1440
slot tally:  awaiting 0 | scoreable 3 | unscoreable 0 | skipped 0 | cancelled 1
exclusions:  provider_stream_exhausted_before_slot_completion=1
integrity:   valid (0 errors)
capture:     certified
evidence:    scoreable
run ID:      btcusdt-primary-20260731-061322-53a51cc2
database:    runs/btcusdt-primary-20260731-061322-53a51cc2.sqlite3
artifact:    artifacts/v8/btcusdt-born.json

VERDICT: COMPARATIVE EVIDENCE AVAILABLE (n=3)
  mode=primary provider=kucoin-sequenced scoreable=3/4
  model (Born) NLL=0.689461  Brier=0.0636421  MAE=0.210063
  baselines:
    development_prior_v1  NLL=0.679756  Brier=0.0591987  ΔNLL=0.0097053
    flow_persistence_v1  NLL=0.816311  Brier=0.125134  ΔNLL=-0.12685
    regularized_logistic_v1  NLL=0.628806  Brier=0.034214  ΔNLL=0.060655
  paired vs primary_comparator (regularized_logistic_v1):
    HAC one-sided p=0.704655  mean_Δ=0.0626257
    block bootstrap p=0.73225  block_length=1
  calibration: uncalibrated (available=False)
status cmd:  ./scripts/exchange-q status --database runs/btcusdt-primary-20260731-061322-53a51cc2.sqlite3 --run-id btcusdt-primary-20260731-061322-53a51cc2 --json
analyze cmd: ./scripts/exchange-q analyze --database runs/btcusdt-primary-20260731-061322-53a51cc2.sqlite3 --run-id btcusdt-primary-20260731-061322-53a51cc2
report cmd:  ./scripts/exchange-q report --database runs/btcusdt-primary-20260731-061322-53a51cc2.sqlite3 --run-id btcusdt-primary-20260731-061322-53a51cc2
