[exchange-q] START run=btcusdt-primary-20260731-065822-206e08ca database=runs/btcusdt-primary-20260731-065822-206e08ca.sqlite3 artifact=artifacts/v8/btcusdt-born.json
[exchange-q] EVIDENCE primary provider=kucoin-sequenced; labels scoreable only with proven capture continuity
[exchange-q] STREAM state=no_data trades=0 books=0
[exchange-q] PROVIDER connected=False reconnects=0 gaps=0 detail=-
[exchange-q] EVENT type=run_status slot=- detail=running
[exchange-q] STREAM state=active trades=2 books=53
[exchange-q] PROVIDER connected=True reconnects=0 gaps=1 detail=-
[exchange-q] EVENT type=slot_scheduled slot=1785468540000 detail={"end_ms": 1785468600000}
[exchange-q] EVENT type=forecast_transition slot=1785468540000 detail=scheduled -> forecasted
[exchange-q] EVENT type=forecast_transition slot=1785468540000 detail=forecasted -> awaiting_label
[exchange-q] PROVIDER close() called closed_was=False
[exchange-q] PROVIDER connected=False reconnects=0 gaps=1 detail=-
[exchange-q] EVENT type=forecast_transition slot=1785468540000 detail=awaiting_label -> cancelled
[exchange-q] EVENT type=run_status slot=- detail=stopped
[exchange-q] FINAL status=stopped terminal=1 database=runs/btcusdt-primary-20260731-065822-206e08ca.sqlite3
Exchange-Q primary run finished
status:      stopped
duration:    1m 18s
progress:    1
scoreable:   0/360
slot tally:  awaiting 0 | scoreable 0 | unscoreable 0 | skipped 0 | cancelled 1
exclusions:  provider_stream_exhausted_before_slot_completion=1
integrity:   valid (0 errors)
capture:     certified
evidence:    unscoreable
run ID:      btcusdt-primary-20260731-065822-206e08ca
database:    runs/btcusdt-primary-20260731-065822-206e08ca.sqlite3
artifact:    artifacts/v8/btcusdt-born.json

VERDICT: NO COMPARATIVE EVIDENCE
  mode=primary provider=kucoin-sequenced scoreable=0/1
  why: no scoreable labels
       exclusions: provider_stream_exhausted_before_slot_completion=1
  Born vs classical: NOT COMPUTED (fail-closed)
  next:
    1) capture with kucoin-sequenced (diagnostic profile, provider override)
    2) dataset build → fit --purpose primary
    3) provider-certify → run --profile primary --study studies/btcusdt-primary.json
    4) exchange-q report --database <primary-run.sqlite3> --run-id <primary-run-id>
status cmd:  ./scripts/exchange-q status --database runs/btcusdt-primary-20260731-065822-206e08ca.sqlite3 --run-id btcusdt-primary-20260731-065822-206e08ca --json
analyze cmd: ./scripts/exchange-q analyze --database runs/btcusdt-primary-20260731-065822-206e08ca.sqlite3 --run-id btcusdt-primary-20260731-065822-206e08ca
report cmd:  ./scripts/exchange-q report --database runs/btcusdt-primary-20260731-065822-206e08ca.sqlite3 --run-id btcusdt-primary-20260731-065822-206e08ca
