{
  "adapter_revision": "kucoin-spot-sequenced-v2",
  "certification_id": "kucoin-sequenced-btcusdt-1785463107",
  "clock_uncertainty_ms": 372.5,
  "collection_error": null,
  "fault_results": {
    "detail": "duplicate provider event observed for fault injection",
    "duplicate_observed": 1,
    "expected_events": 4,
    "observed_events": 4,
    "passed": true
  },
  "issued_at_ms": 1785463107670,
  "live_soak": {
    "counts": {
      "books": 122030,
      "trades": 355
    },
    "duration_s": 300.0,
    "health": {
      "book_sequence_gaps": 0,
      "book_watermark_ms": 1785463102474,
      "clock_offset_ms": 291.5,
      "clock_uncertainty_ms": 372.5,
      "connected": true,
      "coverage_certifiable": true,
      "detail": "",
      "last_book_sequence": 35080524588,
      "last_event_received_ms": 1785463102657,
      "last_trade_sequence": 23763169216839680,
      "pending_events": 0,
      "reconnects": 0,
      "sequence_gaps": 0,
      "trade_sequence_gaps": 0,
      "trade_watermark_ms": 1785463096341,
      "unresolved_gaps": 0
    },
    "passed": true
  },
  "provider": "kucoin-sequenced",
  "replay_results": {
    "counts": {
      "books": 1,
      "trades": 2
    },
    "health": {
      "book_sequence_gaps": 0,
      "book_watermark_ms": 100,
      "clock_offset_ms": null,
      "clock_uncertainty_ms": null,
      "connected": false,
      "coverage_certifiable": true,
      "detail": "",
      "last_book_sequence": null,
      "last_event_received_ms": 301,
      "last_trade_sequence": null,
      "pending_events": 0,
      "reconnects": 0,
      "sequence_gaps": 0,
      "trade_sequence_gaps": 0,
      "trade_watermark_ms": 300,
      "unresolved_gaps": 0
    },
    "passed": true
  },
  "symbol": "btcusdt",
  "unresolved_gaps": 0,
  "valid": true
}
